{
  "version": "1.5.0",
  "plugins_used": [
    {
      "name": "ArtifactoryDetector"
    },
    {
      "name": "AWSKeyDetector"
    },
    {
      "name": "AzureStorageKeyDetector"
    },
    {
      "name": "Base64HighEntropyString",
      "limit": 4.5
    },
    {
      "name": "BasicAuthDetector"
    },
    {
      "name": "CloudantDetector"
    },
    {
      "name": "DiscordBotTokenDetector"
    },
    {
      "name": "GitHubTokenDetector"
    },
    {
      "name": "GitLabTokenDetector"
    },
    {
      "name": "HexHighEntropyString",
      "limit": 3.0
    },
    {
      "name": "IbmCloudIamDetector"
    },
    {
      "name": "IbmCosHmacDetector"
    },
    {
      "name": "IPPublicDetector"
    },
    {
      "name": "JwtTokenDetector"
    },
    {
      "name": "KeywordDetector",
      "keyword_exclude": ""
    },
    {
      "name": "MailchimpDetector"
    },
    {
      "name": "NpmDetector"
    },
    {
      "name": "OpenAIDetector"
    },
    {
      "name": "PrivateKeyDetector"
    },
    {
      "name": "PypiTokenDetector"
    },
    {
      "name": "SendGridDetector"
    },
    {
      "name": "SlackDetector"
    },
    {
      "name": "SoftlayerDetector"
    },
    {
      "name": "SquareOAuthDetector"
    },
    {
      "name": "StripeDetector"
    },
    {
      "name": "TelegramBotTokenDetector"
    },
    {
      "name": "TwilioKeyDetector"
    }
  ],
  "filters_used": [
    {
      "path": "detect_secrets.filters.allowlist.is_line_allowlisted"
    },
    {
      "path": "detect_secrets.filters.common.is_baseline_file",
      "filename": ".secrets.baseline"
    },
    {
      "path": "detect_secrets.filters.common.is_ignored_due_to_verification_policies",
      "min_level": 2
    },
    {
      "path": "detect_secrets.filters.heuristic.is_indirect_reference"
    },
    {
      "path": "detect_secrets.filters.heuristic.is_likely_id_string"
    },
    {
      "path": "detect_secrets.filters.heuristic.is_lock_file"
    },
    {
      "path": "detect_secrets.filters.heuristic.is_not_alphanumeric_string"
    },
    {
      "path": "detect_secrets.filters.heuristic.is_potential_uuid"
    },
    {
      "path": "detect_secrets.filters.heuristic.is_prefixed_with_dollar_sign"
    },
    {
      "path": "detect_secrets.filters.heuristic.is_sequential_string"
    },
    {
      "path": "detect_secrets.filters.heuristic.is_swagger_file"
    },
    {
      "path": "detect_secrets.filters.heuristic.is_templated_secret"
    }
  ],
  "results": {
    ".env.example": [
      {
        "type": "Basic Auth Credentials",
        "filename": ".env.example",
        "hashed_secret": "5baa61e4c9b93f3f0682250b6cf8331b7ee68fd8",
        "is_verified": false,
        "line_number": 8
      }
    ],
    "config/llm_providers.yaml": [
      {
        "type": "Secret Keyword",
        "filename": "config/llm_providers.yaml",
        "hashed_secret": "df6e0ac13c2e4889d47c4dfa0ace314e8f96eb9e",
        "is_verified": false,
        "line_number": 10
      },
      {
        "type": "Secret Keyword",
        "filename": "config/llm_providers.yaml",
        "hashed_secret": "38701bc7d344d76dfd8de72f608e4a2868cf13c4",
        "is_verified": false,
        "line_number": 22
      },
      {
        "type": "Secret Keyword",
        "filename": "config/llm_providers.yaml",
        "hashed_secret": "99c8a62f01b435c38026b6efb7f3e45199e86950",
        "is_verified": false,
        "line_number": 34
      },
      {
        "type": "Secret Keyword",
        "filename": "config/llm_providers.yaml",
        "hashed_secret": "3e10d010e7dfb478858d30459fa03f3824340d47",
        "is_verified": false,
        "line_number": 46
      },
      {
        "type": "Secret Keyword",
        "filename": "config/llm_providers.yaml",
        "hashed_secret": "5310a428a374b7be3574e6db76ee6dbaa8c79aca",
        "is_verified": false,
        "line_number": 57
      },
      {
        "type": "Secret Keyword",
        "filename": "config/llm_providers.yaml",
        "hashed_secret": "bcd17fd1ef882c4c99ef2f1248b950fe0a208c2f",
        "is_verified": false,
        "line_number": 69
      },
      {
        "type": "Secret Keyword",
        "filename": "config/llm_providers.yaml",
        "hashed_secret": "920025a944b7037f2c0ab7f2bb7746de0993a803",
        "is_verified": false,
        "line_number": 81
      },
      {
        "type": "Secret Keyword",
        "filename": "config/llm_providers.yaml",
        "hashed_secret": "fbc8cff8359639c2cc4b0c135565e801ab38358f",
        "is_verified": false,
        "line_number": 93
      },
      {
        "type": "Secret Keyword",
        "filename": "config/llm_providers.yaml",
        "hashed_secret": "4835254aab9494e03d8b72e816719a4914612587",
        "is_verified": false,
        "line_number": 105
      },
      {
        "type": "Secret Keyword",
        "filename": "config/llm_providers.yaml",
        "hashed_secret": "46a00de6537088c80b8db3165380fcf31d441b95",
        "is_verified": false,
        "line_number": 116
      },
      {
        "type": "Secret Keyword",
        "filename": "config/llm_providers.yaml",
        "hashed_secret": "65fd0c618dff1186325e71796f36b31221efa689",
        "is_verified": false,
        "line_number": 128
      },
      {
        "type": "Secret Keyword",
        "filename": "config/llm_providers.yaml",
        "hashed_secret": "2789cce3266250da07d93afde1656fa0464e8cbf",
        "is_verified": false,
        "line_number": 140
      },
      {
        "type": "Secret Keyword",
        "filename": "config/llm_providers.yaml",
        "hashed_secret": "1742b1fd73638d34a3058c15ff657f8b7f5c691d",
        "is_verified": false,
        "line_number": 152
      },
      {
        "type": "Secret Keyword",
        "filename": "config/llm_providers.yaml",
        "hashed_secret": "96133e4265d7a277409c8094e5eff6a41934cf07",
        "is_verified": false,
        "line_number": 164
      },
      {
        "type": "Secret Keyword",
        "filename": "config/llm_providers.yaml",
        "hashed_secret": "20471ace9d78b2689455c5c1281bb8c16c5c1d64",
        "is_verified": false,
        "line_number": 175
      },
      {
        "type": "Secret Keyword",
        "filename": "config/llm_providers.yaml",
        "hashed_secret": "a4ba4305b459bd2fc44b2c21564b83622cae2d33",
        "is_verified": false,
        "line_number": 187
      },
      {
        "type": "Secret Keyword",
        "filename": "config/llm_providers.yaml",
        "hashed_secret": "1a37d41260f96724ee881be5e261b4d043f0626b",
        "is_verified": false,
        "line_number": 199
      }
    ],
    "docs/deployment.md": [
      {
        "type": "Basic Auth Credentials",
        "filename": "docs/deployment.md",
        "hashed_secret": "9d4e1e23bd5b727046a9e3b4b7db57bd8d6ee684",
        "is_verified": false,
        "line_number": 119
      },
      {
        "type": "Basic Auth Credentials",
        "filename": "docs/deployment.md",
        "hashed_secret": "b60d121b438a380c343d5ec3c2037564b82ffef3",
        "is_verified": false,
        "line_number": 189
      }
    ],
    "docs/faq.md": [
      {
        "type": "Basic Auth Credentials",
        "filename": "docs/faq.md",
        "hashed_secret": "9d4e1e23bd5b727046a9e3b4b7db57bd8d6ee684",
        "is_verified": false,
        "line_number": 82
      }
    ],
    "docs/troubleshooting.md": [
      {
        "type": "Secret Keyword",
        "filename": "docs/troubleshooting.md",
        "hashed_secret": "c7a8c334eef5d1749fface7d42c66f9ae5e8cf36",
        "is_verified": false,
        "line_number": 119
      },
      {
        "type": "Secret Keyword",
        "filename": "docs/troubleshooting.md",
        "hashed_secret": "a219d7693c25cd2d93313512e200ff3eb374d281",
        "is_verified": false,
        "line_number": 145
      }
    ],
    "reports/audiobookshelf-integration-report.md": [
      {
        "type": "Secret Keyword",
        "filename": "reports/audiobookshelf-integration-report.md",
        "hashed_secret": "11fa7c37d697f30e6aee828b4426a10f83ab2380",
        "is_verified": false,
        "line_number": 34
      }
    ],
    "reports/p1-improvement-completion-report.md": [
      {
        "type": "Secret Keyword",
        "filename": "reports/p1-improvement-completion-report.md",
        "hashed_secret": "11fa7c37d697f30e6aee828b4426a10f83ab2380",
        "is_verified": false,
        "line_number": 261
      }
    ],
    "src/audiobook_studio/config/llm_providers.yaml": [
      {
        "type": "Secret Keyword",
        "filename": "src/audiobook_studio/config/llm_providers.yaml",
        "hashed_secret": "df6e0ac13c2e4889d47c4dfa0ace314e8f96eb9e",
        "is_verified": false,
        "line_number": 10
      },
      {
        "type": "Secret Keyword",
        "filename": "src/audiobook_studio/config/llm_providers.yaml",
        "hashed_secret": "38701bc7d344d76dfd8de72f608e4a2868cf13c4",
        "is_verified": false,
        "line_number": 22
      },
      {
        "type": "Secret Keyword",
        "filename": "src/audiobook_studio/config/llm_providers.yaml",
        "hashed_secret": "3e10d010e7dfb478858d30459fa03f3824340d47",
        "is_verified": false,
        "line_number": 34
      },
      {
        "type": "Secret Keyword",
        "filename": "src/audiobook_studio/config/llm_providers.yaml",
        "hashed_secret": "99c8a62f01b435c38026b6efb7f3e45199e86950",
        "is_verified": false,
        "line_number": 45
      },
      {
        "type": "Secret Keyword",
        "filename": "src/audiobook_studio/config/llm_providers.yaml",
        "hashed_secret": "5310a428a374b7be3574e6db76ee6dbaa8c79aca",
        "is_verified": false,
        "line_number": 57
      },
      {
        "type": "Secret Keyword",
        "filename": "src/audiobook_studio/config/llm_providers.yaml",
        "hashed_secret": "bcd17fd1ef882c4c99ef2f1248b950fe0a208c2f",
        "is_verified": false,
        "line_number": 69
      },
      {
        "type": "Secret Keyword",
        "filename": "src/audiobook_studio/config/llm_providers.yaml",
        "hashed_secret": "920025a944b7037f2c0ab7f2bb7746de0993a803",
        "is_verified": false,
        "line_number": 81
      },
      {
        "type": "Secret Keyword",
        "filename": "src/audiobook_studio/config/llm_providers.yaml",
        "hashed_secret": "fbc8cff8359639c2cc4b0c135565e801ab38358f",
        "is_verified": false,
        "line_number": 92
      },
      {
        "type": "Secret Keyword",
        "filename": "src/audiobook_studio/config/llm_providers.yaml",
        "hashed_secret": "4835254aab9494e03d8b72e816719a4914612587",
        "is_verified": false,
        "line_number": 104
      },
      {
        "type": "Secret Keyword",
        "filename": "src/audiobook_studio/config/llm_providers.yaml",
        "hashed_secret": "46a00de6537088c80b8db3165380fcf31d441b95",
        "is_verified": false,
        "line_number": 115
      },
      {
        "type": "Secret Keyword",
        "filename": "src/audiobook_studio/config/llm_providers.yaml",
        "hashed_secret": "96133e4265d7a277409c8094e5eff6a41934cf07",
        "is_verified": false,
        "line_number": 127
      },
      {
        "type": "Secret Keyword",
        "filename": "src/audiobook_studio/config/llm_providers.yaml",
        "hashed_secret": "65fd0c618dff1186325e71796f36b31221efa689",
        "is_verified": false,
        "line_number": 138
      },
      {
        "type": "Secret Keyword",
        "filename": "src/audiobook_studio/config/llm_providers.yaml",
        "hashed_secret": "2789cce3266250da07d93afde1656fa0464e8cbf",
        "is_verified": false,
        "line_number": 150
      },
      {
        "type": "Secret Keyword",
        "filename": "src/audiobook_studio/config/llm_providers.yaml",
        "hashed_secret": "1a37d41260f96724ee881be5e261b4d043f0626b",
        "is_verified": false,
        "line_number": 162
      },
      {
        "type": "Secret Keyword",
        "filename": "src/audiobook_studio/config/llm_providers.yaml",
        "hashed_secret": "1742b1fd73638d34a3058c15ff657f8b7f5c691d",
        "is_verified": false,
        "line_number": 173
      },
      {
        "type": "Secret Keyword",
        "filename": "src/audiobook_studio/config/llm_providers.yaml",
        "hashed_secret": "20471ace9d78b2689455c5c1281bb8c16c5c1d64",
        "is_verified": false,
        "line_number": 185
      },
      {
        "type": "Secret Keyword",
        "filename": "src/audiobook_studio/config/llm_providers.yaml",
        "hashed_secret": "a4ba4305b459bd2fc44b2c21564b83622cae2d33",
        "is_verified": false,
        "line_number": 197
      }
    ],
    "src/audiobook_studio/publish/audiobookshelf.py": [
      {
        "type": "Hex High Entropy String",
        "filename": "src/audiobook_studio/publish/audiobookshelf.py",
        "hashed_secret": "5fc1b9026491d12e091b30231e0353246f1e4a20",
        "is_verified": false,
        "line_number": 741
      }
    ],
    "src/audiobook_studio/publish/audiobookshelf_integration.py": [
      {
        "type": "Hex High Entropy String",
        "filename": "src/audiobook_studio/publish/audiobookshelf_integration.py",
        "hashed_secret": "5fc1b9026491d12e091b30231e0353246f1e4a20",
        "is_verified": false,
        "line_number": 677
      }
    ],
    "tests/test_sprint_g_features.py": [
      {
        "type": "Secret Keyword",
        "filename": "tests/test_sprint_g_features.py",
        "hashed_secret": "00942f4668670f34c5943cf52c7ef3139fe2b8d6",
        "is_verified": false,
        "line_number": 91
      }
    ],
    "tests/test_synthesize.py": [
      {
        "type": "Hex High Entropy String",
        "filename": "tests/test_synthesize.py",
        "hashed_secret": "6740d1ecb48c5c9ca3b2a3cb1ca2f4b4d4487473",
        "is_verified": false,
        "line_number": 449
      }
    ],
    "tests/unit/publish/test_audiobookshelf.py": [
      {
        "type": "Secret Keyword",
        "filename": "tests/unit/publish/test_audiobookshelf.py",
        "hashed_secret": "3acfb2c2b433c0ea7ff107e33df91b18e52f960f",
        "is_verified": false,
        "line_number": 31
      }
    ],
    "tests/unit/test_api_publish_coverage.py": [
      {
        "type": "Secret Keyword",
        "filename": "tests/unit/test_api_publish_coverage.py",
        "hashed_secret": "00942f4668670f34c5943cf52c7ef3139fe2b8d6",
        "is_verified": false,
        "line_number": 157
      }
    ],
    "tests/unit/test_audiobookshelf_integration_async.py": [
      {
        "type": "Secret Keyword",
        "filename": "tests/unit/test_audiobookshelf_integration_async.py",
        "hashed_secret": "a62f2225bf70bfaccbc7f1ef2a397836717377de",
        "is_verified": false,
        "line_number": 17
      }
    ],
    "tests/unit/test_clone.py": [
      {
        "type": "Hex High Entropy String",
        "filename": "tests/unit/test_clone.py",
        "hashed_secret": "e4f91dd323bac5bfc4f60a6e433787671dc2421d",
        "is_verified": false,
        "line_number": 349
      }
    ],
    "tests/unit/test_database.py": [
      {
        "type": "Basic Auth Credentials",
        "filename": "tests/unit/test_database.py",
        "hashed_secret": "9d4e1e23bd5b727046a9e3b4b7db57bd8d6ee684",
        "is_verified": false,
        "line_number": 25
      }
    ],
    "tests/unit/test_integration_real_api_async.py": [
      {
        "type": "Secret Keyword",
        "filename": "tests/unit/test_integration_real_api_async.py",
        "hashed_secret": "a62f2225bf70bfaccbc7f1ef2a397836717377de",
        "is_verified": false,
        "line_number": 14
      }
    ],
    "tests/unit/test_langfuse_integration.py": [
      {
        "type": "Secret Keyword",
        "filename": "tests/unit/test_langfuse_integration.py",
        "hashed_secret": "31317ff4dee8e8bdf7fe392d1fcbdd853502c00c",
        "is_verified": false,
        "line_number": 33
      },
      {
        "type": "Secret Keyword",
        "filename": "tests/unit/test_langfuse_integration.py",
        "hashed_secret": "e018009ffb0b7d9ba7c2bf9610a93d0fcea4d502",
        "is_verified": false,
        "line_number": 50
      }
    ],
    "tests/unit/test_llm_client.py": [
      {
        "type": "Secret Keyword",
        "filename": "tests/unit/test_llm_client.py",
        "hashed_secret": "31317ff4dee8e8bdf7fe392d1fcbdd853502c00c",
        "is_verified": false,
        "line_number": 213
      }
    ],
    "tests/unit/test_llm_extended.py": [
      {
        "type": "Secret Keyword",
        "filename": "tests/unit/test_llm_extended.py",
        "hashed_secret": "766a6e8998aefe2117d62c2d48411e43161ffa11",
        "is_verified": false,
        "line_number": 150
      },
      {
        "type": "Secret Keyword",
        "filename": "tests/unit/test_llm_extended.py",
        "hashed_secret": "e0538dbde0484e599b41a65cc6a9d443b5011520",
        "is_verified": false,
        "line_number": 445
      }
    ],
    "tests/unit/test_llm_mock_cloud.py": [
      {
        "type": "Secret Keyword",
        "filename": "tests/unit/test_llm_mock_cloud.py",
        "hashed_secret": "31317ff4dee8e8bdf7fe392d1fcbdd853502c00c",
        "is_verified": false,
        "line_number": 498
      },
      {
        "type": "Secret Keyword",
        "filename": "tests/unit/test_llm_mock_cloud.py",
        "hashed_secret": "6af5a378fdb0e7d397c9f47c744e5e14195c0228",
        "is_verified": false,
        "line_number": 538
      }
    ],
    "tests/unit/test_llm_router_coverage.py": [
      {
        "type": "Secret Keyword",
        "filename": "tests/unit/test_llm_router_coverage.py",
        "hashed_secret": "6af5a378fdb0e7d397c9f47c744e5e14195c0228",
        "is_verified": false,
        "line_number": 62
      },
      {
        "type": "Secret Keyword",
        "filename": "tests/unit/test_llm_router_coverage.py",
        "hashed_secret": "766a6e8998aefe2117d62c2d48411e43161ffa11",
        "is_verified": false,
        "line_number": 535
      }
    ],
    "tests/unit/test_prompts_registry.py": [
      {
        "type": "Secret Keyword",
        "filename": "tests/unit/test_prompts_registry.py",
        "hashed_secret": "72cb70dbbafe97e5ea13ad88acd65d08389439b0",
        "is_verified": false,
        "line_number": 42
      }
    ],
    "tests/unit/test_publish.py": [
      {
        "type": "Secret Keyword",
        "filename": "tests/unit/test_publish.py",
        "hashed_secret": "3acfb2c2b433c0ea7ff107e33df91b18e52f960f",
        "is_verified": false,
        "line_number": 330
      }
    ],
    "tests/unit/test_publish_audiobookshelf.py": [
      {
        "type": "Hex High Entropy String",
        "filename": "tests/unit/test_publish_audiobookshelf.py",
        "hashed_secret": "6740d1ecb48c5c9ca3b2a3cb1ca2f4b4d4487473",
        "is_verified": false,
        "line_number": 91
      },
      {
        "type": "Secret Keyword",
        "filename": "tests/unit/test_publish_audiobookshelf.py",
        "hashed_secret": "00942f4668670f34c5943cf52c7ef3139fe2b8d6",
        "is_verified": false,
        "line_number": 125
      },
      {
        "type": "Secret Keyword",
        "filename": "tests/unit/test_publish_audiobookshelf.py",
        "hashed_secret": "7bac3a781f4b9606796e1a61bc27b0966b884cdc",
        "is_verified": false,
        "line_number": 138
      },
      {
        "type": "Hex High Entropy String",
        "filename": "tests/unit/test_publish_audiobookshelf.py",
        "hashed_secret": "0857abc2d90c5d9821229fc0a880f1c38ffb0e04",
        "is_verified": false,
        "line_number": 187
      }
    ],
    "tests/unit/test_publish_audiobookshelf_extended.py": [
      {
        "type": "Secret Keyword",
        "filename": "tests/unit/test_publish_audiobookshelf_extended.py",
        "hashed_secret": "3acfb2c2b433c0ea7ff107e33df91b18e52f960f",
        "is_verified": false,
        "line_number": 18
      }
    ],
    "tests/unit/test_publish_audiobookshelf_integration_extended.py": [
      {
        "type": "Secret Keyword",
        "filename": "tests/unit/test_publish_audiobookshelf_integration_extended.py",
        "hashed_secret": "3acfb2c2b433c0ea7ff107e33df91b18e52f960f",
        "is_verified": false,
        "line_number": 18
      }
    ],
    "tests/unit/test_publish_audiobookshelf_integration_v2.py": [
      {
        "type": "Secret Keyword",
        "filename": "tests/unit/test_publish_audiobookshelf_integration_v2.py",
        "hashed_secret": "b9615cef6cff3572af1365ff44c8b92ea9266f3e",
        "is_verified": false,
        "line_number": 32
      }
    ],
    "voices/voice_prints.json": [
      {
        "type": "Hex High Entropy String",
        "filename": "voices/voice_prints.json",
        "hashed_secret": "a90ae1817ac48dbcdd6cf732ab25f7ada85809c9",
        "is_verified": false,
        "line_number": 4
      }
    ]
  },
  "generated_at": "2026-06-28T12:00:01Z"
}
