{
  "version": "1.4.0",
  "plugins_used": [
    {"name": "Base64HighEntropyString", "base64_limit": 4.5},
    {"name": "HexHighEntropyString", "hex_limit": 3}
  ],
  "filters_used": [],
  "results": {},
  "generated_at": "2026-06-11T00:00:00Z",
  "exclude": {
    "files": ".venv/|__pycache__/|\\.git/|node_modules/|site/",
    "lines": ""
  }
}
